[argotrading.mstoolsnetshop.com/index.html]
[backblue.gif]
[fade.gif]
[index.html]
[unpkg.com/alpinejs@3.14.9/dist/cdn.min.js]
[cdnjs.cloudflare.com/ajax/libs/font-awesome/6.4.0/css/all.min.css]
[argotrading.mstoolsnetshop.com/storage/app/public/photos/Px9MifdF6k4uRiyRSGBX6qi4kKWtbhpkYNQrAouw.png]
[code.jquery.com/jquery-3.6.0.min.js]
[argotrading.mstoolsnetshop.com/storage/app/public/photos/ofofonobs.png]
[argotrading.mstoolsnetshop.com/cryptocurrencies.html]
[argotrading.mstoolsnetshop.com/forex.html]
[argotrading.mstoolsnetshop.com/shares.html]
[argotrading.mstoolsnetshop.com/indices.html]
[argotrading.mstoolsnetshop.com/etfs.html]
[argotrading.mstoolsnetshop.com/trade.html]
[argotrading.mstoolsnetshop.com/copy.html]
[argotrading.mstoolsnetshop.com/automate.html]
[argotrading.mstoolsnetshop.com/about.html]
[argotrading.mstoolsnetshop.com/why-us.html]
[argotrading.mstoolsnetshop.com/faq.html]
[argotrading.mstoolsnetshop.com/regulation.html]
[argotrading.mstoolsnetshop.com/for-traders.html]
[argotrading.mstoolsnetshop.com/contacts.html]
[argotrading.mstoolsnetshop.com/login.html]
[argotrading.mstoolsnetshop.com/register.html]
[s3.tradingview.com/tv.js]
[s3.tradingview.com/external-embedding/embed-widget-ticker-tape.js]
[s3.tradingview.com/external-embedding/embed-widget-market-overview.js]
[argotrading.mstoolsnetshop.com/commodities]
[argotrading.mstoolsnetshop.com/dash/bitcoin-btc-logo.png]
[argotrading.mstoolsnetshop.com/dash/ethereum-eth-logo.png]
[s3.tradingview.com/external-embedding/embed-widget-forex-cross-rates.js]
[argotrading.mstoolsnetshop.com/temp/custom/img/abt.png]
[argotrading.mstoolsnetshop.com/contact.html]
[s3.tradingview.com/external-embedding/embed-widget-forex-heat-map.js]
[argotrading.mstoolsnetshop.com/temp/custom/img/commission-scheme-crypt1t1.png]
[argotrading.mstoolsnetshop.com/temp/custom/imge2.jpg]
[argotrading.mstoolsnetshop.com/temp/custom/imge1.jpg]
[argotrading.mstoolsnetshop.com/temp/custom/imge3.jpg]
[argotrading.mstoolsnetshop.com/temp/custom/imge4.jpg]
[argotrading.mstoolsnetshop.com/temp/custom/imge5.jpg]
[argotrading.mstoolsnetshop.com/temp/custom/jenny.jpg]
[argotrading.mstoolsnetshop.com/temp/custom/mike.jpg]
[argotrading.mstoolsnetshop.com/temp/custom/kathy.jpg]
[argotrading.mstoolsnetshop.com/temp/custom/img/btc.png]
[argotrading.mstoolsnetshop.com/temp/custom/img/eth.png]
[argotrading.mstoolsnetshop.com/temp/custom/img/doge.png]
[argotrading.mstoolsnetshop.com/temp/custom/img/bch.png]
[argotrading.mstoolsnetshop.com/temp/custom/img/usdt.png]
[argotrading.mstoolsnetshop.com/temp/custom/img/bnb.png]
[argotrading.mstoolsnetshop.com/temp/custom/img/ltc.png]
[argotrading.mstoolsnetshop.com/temp/custom/js/spreads-home.js]
[argotrading.mstoolsnetshop.com/terms.html]
[argotrading.mstoolsnetshop.com/privacy.html]
[argotrading.mstoolsnetshop.com/index.html]
[cdnjs.cloudflare.com/ajax/libs/font-awesome/6.4.0/css/all.min.css]
[cdn.gtranslate.net/widgets/latest/float.js]
[argotrading.mstoolsnetshop.com/dash/tether-usdt-logo.png]
[argotrading.mstoolsnetshop.com/cryptocurrencies.html]
[argotrading.mstoolsnetshop.com/forex.html]
[argotrading.mstoolsnetshop.com/shares.html]
[argotrading.mstoolsnetshop.com/indices.html]
[argotrading.mstoolsnetshop.com/etfs.html]
[argotrading.mstoolsnetshop.com/trading-conditions.html]
[argotrading.mstoolsnetshop.com/temp/custom/img/commission-scheme-crypt1t.png]
[argotrading.mstoolsnetshop.com/trade.html]
[argotrading.mstoolsnetshop.com/copy.html]
[argotrading.mstoolsnetshop.com/automate.html]
[argotrading.mstoolsnetshop.com/temp/custom/img/users.png]
[argotrading.mstoolsnetshop.com/temp/custom/img/website.png]
[argotrading.mstoolsnetshop.com/temp/custom/img/speed.png]
[argotrading.mstoolsnetshop.com/temp/custom/img/1497835.png]
[argotrading.mstoolsnetshop.com/temp/custom/img/commission-scheme-crypt1d.png]
[argotrading.mstoolsnetshop.com/about.html]
[argotrading.mstoolsnetshop.com/why-us.html]
[argotrading.mstoolsnetshop.com/faq.html]
[argotrading.mstoolsnetshop.com/regulation.html]
[argotrading.mstoolsnetshop.com/for-traders.html]
[argotrading.mstoolsnetshop.com/contacts.html]
[cdn.jsdelivr.net/npm/alpinejs@3.x.x/dist/cdn.min.js]
[unpkg.com/lucide@0.542.0/dist/umd/lucide.js]
[argotrading.mstoolsnetshop.com/temp/custom/css/bootstrap.min.css]
[argotrading.mstoolsnetshop.com/temp/custom/js/jquery.min.js]
[argotrading.mstoolsnetshop.com/temp/custom/js/popper.min.js]
[argotrading.mstoolsnetshop.com/temp/custom/js/bootstrap.min.js]
[argotrading.mstoolsnetshop.com/temp/custom/css/main.css]
[argotrading.mstoolsnetshop.com/temp/custom/js/manifest.json]
[argotrading.mstoolsnetshop.com/login.html]
[argotrading.mstoolsnetshop.com/forgot-password.html]
[argotrading.mstoolsnetshop.com/rules.46.delayed]
[argotrading.mstoolsnetshop.com/register.html]
[argotrading.mstoolsnetshop.com/commodities.html]
[argotrading.mstoolsnetshop.com/contact.html]
[argotrading.mstoolsnetshop.com/temp/custom/js/spreads-home.html]
[argotrading.mstoolsnetshop.com/terms.html]
[argotrading.mstoolsnetshop.com/privacy.html]
[argotrading.mstoolsnetshop.com/trading-conditions.html]
[argotrading.mstoolsnetshop.com/temp/custom/css/bootstrap.min.html]
[argotrading.mstoolsnetshop.com/temp/custom/js/jquery.min.html]
[argotrading.mstoolsnetshop.com/temp/custom/js/popper.min.html]
[argotrading.mstoolsnetshop.com/temp/custom/js/bootstrap.min.html]
[argotrading.mstoolsnetshop.com/temp/custom/css/main.html]
[argotrading.mstoolsnetshop.com/temp/custom/js/manifest.html]
[argotrading.mstoolsnetshop.com/forgot-password.html]
[argotrading.mstoolsnetshop.com/rules.html]
[translate.google.com/translate_a/elementa0d8a0d8.html]
